.venv\Scripts\python : ERROR: usage: __main__.py [options] [file_or_dir] [file_or_dir] [...]
所在位置 行:1 字符: 1
+ .venv\Scripts\python -m pytest tests/ -v --tb=line --timeout=30 2>&1  ...
+ ~~~~~~~~~~~~~~~~~~~~~~~~~~~~~~~~~~~~~~~~~~~~~~~~~~~~~~~~~~~~~~~~~~~~
    + CategoryInfo          : NotSpecified: (ERROR: usage: _...e_or_dir] [...]:String) [], RemoteException
    + FullyQualifiedErrorId : NativeCommandError
 
__main__.py: error: unrecognized arguments: --timeout=30
  inifile: D:\repo\dev\nursing-vp-sim\backend\pyproject.toml
  rootdir: D:\repo\dev\nursing-vp-sim\backend

